<?xml version="1.0" encoding="ISO-8859-1" ?>
<link_info>
   <banner>TI ARM Clang Linker PC v4.0.0.LTS</banner>
   <copyright>Copyright (c) 1996-2018 Texas Instruments Incorporated</copyright>
   <command_line>C:\ti\ccs1281\ccs\tools\compiler\ti-cgt-armllvm_4.0.0.LTS\bin\tiarmlnk -IC:\ti\ccs1281\ccs\tools\compiler\ti-cgt-armllvm_4.0.0.LTS\lib -o InterruptTest.out -mgpio_input_interrupt.Release.map -iC:/ti/mcu_plus_sdk_am263x_10_00_00_35/source/kernel/nortos/lib -iC:/ti/mcu_plus_sdk_am263x_10_00_00_35/source/drivers/lib -iC:/ti/mcu_plus_sdk_am263x_10_00_00_35/source/board/lib -iC:/ti/ccs1281/ccs/tools/compiler/ti-cgt-armllvm_4.0.0.LTS/lib --reread_libs --diag_suppress=10063 --diag_wrap=off --display_error_number --warn_sections --xml_link_info=InterruptTest_linkInfo.xml --ram_model ./board.o ./syscfg/ti_dpl_config.o ./syscfg/ti_drivers_config.o ./syscfg/ti_drivers_open_close.o ./syscfg/ti_pinmux_config.o ./syscfg/ti_power_clock_config.o ./syscfg/ti_board_config.o ./syscfg/ti_board_open_close.o ./syscfg/ti_enet_config.o ./syscfg/ti_enet_open_close.o ./syscfg/ti_enet_soc.o ./syscfg/ti_enet_lwipif.o ./gpio_input_interrupt.o ./main.o -lsyscfg/linker.cmd -lnortos.am263x.r5f.ti-arm-clang.release.lib -ldrivers.am263x.r5f.ti-arm-clang.release.lib -lboard.am263x.r5f.ti-arm-clang.release.lib -llibc.a -llibsysbm.a --start-group -llibc++.a -llibc++abi.a -llibc.a -llibsys.a -llibsysbm.a -llibclang_rt.builtins.a -llibclang_rt.profile.a --end-group --cg_opt_level=s</command_line>
   <link_time>0x6734138e</link_time>
   <link_errors>0x0</link_errors>
   <output_file>C:\Users\steve\workspace_v12\InterruptTest\Release\InterruptTest.out</output_file>
   <entry_point>
      <name>_vectors</name>
      <address>0x0</address>
   </entry_point>
   <input_file_list>
      <input_file id="fl-1">
         <path>C:\Users\steve\workspace_v12\InterruptTest\Release\.\</path>
         <kind>object</kind>
         <file>board.o</file>
         <name>board.o</name>
      </input_file>
      <input_file id="fl-2">
         <path>C:\Users\steve\workspace_v12\InterruptTest\Release\.\syscfg\</path>
         <kind>object</kind>
         <file>ti_dpl_config.o</file>
         <name>ti_dpl_config.o</name>
      </input_file>
      <input_file id="fl-3">
         <path>C:\Users\steve\workspace_v12\InterruptTest\Release\.\syscfg\</path>
         <kind>object</kind>
         <file>ti_drivers_config.o</file>
         <name>ti_drivers_config.o</name>
      </input_file>
      <input_file id="fl-4">
         <path>C:\Users\steve\workspace_v12\InterruptTest\Release\.\syscfg\</path>
         <kind>object</kind>
         <file>ti_drivers_open_close.o</file>
         <name>ti_drivers_open_close.o</name>
      </input_file>
      <input_file id="fl-5">
         <path>C:\Users\steve\workspace_v12\InterruptTest\Release\.\syscfg\</path>
         <kind>object</kind>
         <file>ti_pinmux_config.o</file>
         <name>ti_pinmux_config.o</name>
      </input_file>
      <input_file id="fl-6">
         <path>C:\Users\steve\workspace_v12\InterruptTest\Release\.\syscfg\</path>
         <kind>object</kind>
         <file>ti_power_clock_config.o</file>
         <name>ti_power_clock_config.o</name>
      </input_file>
      <input_file id="fl-7">
         <path>C:\Users\steve\workspace_v12\InterruptTest\Release\.\syscfg\</path>
         <kind>object</kind>
         <file>ti_board_config.o</file>
         <name>ti_board_config.o</name>
      </input_file>
      <input_file id="fl-8">
         <path>C:\Users\steve\workspace_v12\InterruptTest\Release\.\syscfg\</path>
         <kind>object</kind>
         <file>ti_board_open_close.o</file>
         <name>ti_board_open_close.o</name>
      </input_file>
      <input_file id="fl-9">
         <path>C:\Users\steve\workspace_v12\InterruptTest\Release\.\syscfg\</path>
         <kind>object</kind>
         <file>ti_enet_config.o</file>
         <name>ti_enet_config.o</name>
      </input_file>
      <input_file id="fl-a">
         <path>C:\Users\steve\workspace_v12\InterruptTest\Release\.\syscfg\</path>
         <kind>object</kind>
         <file>ti_enet_open_close.o</file>
         <name>ti_enet_open_close.o</name>
      </input_file>
      <input_file id="fl-b">
         <path>C:\Users\steve\workspace_v12\InterruptTest\Release\.\syscfg\</path>
         <kind>object</kind>
         <file>ti_enet_soc.o</file>
         <name>ti_enet_soc.o</name>
      </input_file>
      <input_file id="fl-c">
         <path>C:\Users\steve\workspace_v12\InterruptTest\Release\.\syscfg\</path>
         <kind>object</kind>
         <file>ti_enet_lwipif.o</file>
         <name>ti_enet_lwipif.o</name>
      </input_file>
      <input_file id="fl-d">
         <path>C:\Users\steve\workspace_v12\InterruptTest\Release\.\</path>
         <kind>object</kind>
         <file>gpio_input_interrupt.o</file>
         <name>gpio_input_interrupt.o</name>
      </input_file>
      <input_file id="fl-e">
         <path>C:\Users\steve\workspace_v12\InterruptTest\Release\.\</path>
         <kind>object</kind>
         <file>main.o</file>
         <name>main.o</name>
      </input_file>
      <input_file id="fl-1d">
         <path>C:\Users\steve\workspace_v12\InterruptTest\Release\</path>
         <kind>object</kind>
         <file>&lt;internal&gt;</file>
         <name>&lt;internal&gt;</name>
      </input_file>
      <input_file id="fl-1e">
         <path>C:\ti\mcu_plus_sdk_am263x_10_00_00_35\source\kernel\nortos\lib\</path>
         <kind>archive</kind>
         <file>nortos.am263x.r5f.ti-arm-clang.release.lib</file>
         <name>AddrTranslateP_null.obj</name>
      </input_file>
      <input_file id="fl-1f">
         <path>C:\ti\mcu_plus_sdk_am263x_10_00_00_35\source\kernel\nortos\lib\</path>
         <kind>archive</kind>
         <file>nortos.am263x.r5f.ti-arm-clang.release.lib</file>
         <name>DebugP_uartLogWriter.obj</name>
      </input_file>
      <input_file id="fl-20">
         <path>C:\ti\mcu_plus_sdk_am263x_10_00_00_35\source\kernel\nortos\lib\</path>
         <kind>archive</kind>
         <file>nortos.am263x.r5f.ti-arm-clang.release.lib</file>
         <name>DebugP_log.obj</name>
      </input_file>
      <input_file id="fl-21">
         <path>C:\ti\mcu_plus_sdk_am263x_10_00_00_35\source\kernel\nortos\lib\</path>
         <kind>archive</kind>
         <file>nortos.am263x.r5f.ti-arm-clang.release.lib</file>
         <name>DebugP_nortos.obj</name>
      </input_file>
      <input_file id="fl-22">
         <path>C:\ti\mcu_plus_sdk_am263x_10_00_00_35\source\kernel\nortos\lib\</path>
         <kind>archive</kind>
         <file>nortos.am263x.r5f.ti-arm-clang.release.lib</file>
         <name>ClockP_nortos.obj</name>
      </input_file>
      <input_file id="fl-23">
         <path>C:\ti\mcu_plus_sdk_am263x_10_00_00_35\source\kernel\nortos\lib\</path>
         <kind>archive</kind>
         <file>nortos.am263x.r5f.ti-arm-clang.release.lib</file>
         <name>ClockP_nortos_r5.obj</name>
      </input_file>
      <input_file id="fl-24">
         <path>C:\ti\mcu_plus_sdk_am263x_10_00_00_35\source\kernel\nortos\lib\</path>
         <kind>archive</kind>
         <file>nortos.am263x.r5f.ti-arm-clang.release.lib</file>
         <name>TimerP_rti.obj</name>
      </input_file>
      <input_file id="fl-25">
         <path>C:\ti\mcu_plus_sdk_am263x_10_00_00_35\source\kernel\nortos\lib\</path>
         <kind>archive</kind>
         <file>nortos.am263x.r5f.ti-arm-clang.release.lib</file>
         <name>HwiP_armv7r_vim.obj</name>
      </input_file>
      <input_file id="fl-26">
         <path>C:\ti\mcu_plus_sdk_am263x_10_00_00_35\source\kernel\nortos\lib\</path>
         <kind>archive</kind>
         <file>nortos.am263x.r5f.ti-arm-clang.release.lib</file>
         <name>HwiP_armv7r_handlers_nortos.obj</name>
      </input_file>
      <input_file id="fl-27">
         <path>C:\ti\mcu_plus_sdk_am263x_10_00_00_35\source\kernel\nortos\lib\</path>
         <kind>archive</kind>
         <file>nortos.am263x.r5f.ti-arm-clang.release.lib</file>
         <name>MpuP_armv7r.obj</name>
      </input_file>
      <input_file id="fl-28">
         <path>C:\ti\mcu_plus_sdk_am263x_10_00_00_35\source\kernel\nortos\lib\</path>
         <kind>archive</kind>
         <file>nortos.am263x.r5f.ti-arm-clang.release.lib</file>
         <name>CacheP_armv7r.obj</name>
      </input_file>
      <input_file id="fl-29">
         <path>C:\ti\mcu_plus_sdk_am263x_10_00_00_35\source\kernel\nortos\lib\</path>
         <kind>archive</kind>
         <file>nortos.am263x.r5f.ti-arm-clang.release.lib</file>
         <name>printf.obj</name>
      </input_file>
      <input_file id="fl-2a">
         <path>C:\ti\mcu_plus_sdk_am263x_10_00_00_35\source\kernel\nortos\lib\</path>
         <kind>archive</kind>
         <file>nortos.am263x.r5f.ti-arm-clang.release.lib</file>
         <name>PmuP_armv7r.obj</name>
      </input_file>
      <input_file id="fl-2b">
         <path>C:\ti\mcu_plus_sdk_am263x_10_00_00_35\source\kernel\nortos\lib\</path>
         <kind>archive</kind>
         <file>nortos.am263x.r5f.ti-arm-clang.release.lib</file>
         <name>HwiP_armv7r_handlers_nortos_asm.obj</name>
      </input_file>
      <input_file id="fl-2c">
         <path>C:\ti\mcu_plus_sdk_am263x_10_00_00_35\source\kernel\nortos\lib\</path>
         <kind>archive</kind>
         <file>nortos.am263x.r5f.ti-arm-clang.release.lib</file>
         <name>HwiP_armv7r_vectors_nortos_asm.obj</name>
      </input_file>
      <input_file id="fl-2d">
         <path>C:\ti\mcu_plus_sdk_am263x_10_00_00_35\source\kernel\nortos\lib\</path>
         <kind>archive</kind>
         <file>nortos.am263x.r5f.ti-arm-clang.release.lib</file>
         <name>boot_armv7r_asm.obj</name>
      </input_file>
      <input_file id="fl-2e">
         <path>C:\ti\mcu_plus_sdk_am263x_10_00_00_35\source\kernel\nortos\lib\</path>
         <kind>archive</kind>
         <file>nortos.am263x.r5f.ti-arm-clang.release.lib</file>
         <name>HwiP_armv7r_asm.obj</name>
      </input_file>
      <input_file id="fl-2f">
         <path>C:\ti\mcu_plus_sdk_am263x_10_00_00_35\source\kernel\nortos\lib\</path>
         <kind>archive</kind>
         <file>nortos.am263x.r5f.ti-arm-clang.release.lib</file>
         <name>MpuP_armv7r_asm.obj</name>
      </input_file>
      <input_file id="fl-30">
         <path>C:\ti\mcu_plus_sdk_am263x_10_00_00_35\source\kernel\nortos\lib\</path>
         <kind>archive</kind>
         <file>nortos.am263x.r5f.ti-arm-clang.release.lib</file>
         <name>CacheP_armv7r_asm.obj</name>
      </input_file>
      <input_file id="fl-31">
         <path>C:\ti\mcu_plus_sdk_am263x_10_00_00_35\source\kernel\nortos\lib\</path>
         <kind>archive</kind>
         <file>nortos.am263x.r5f.ti-arm-clang.release.lib</file>
         <name>PmuP_armv7r_asm.obj</name>
      </input_file>
      <input_file id="fl-32">
         <path>C:\ti\mcu_plus_sdk_am263x_10_00_00_35\source\kernel\nortos\lib\</path>
         <kind>archive</kind>
         <file>nortos.am263x.r5f.ti-arm-clang.release.lib</file>
         <name>boot_armv7r.obj</name>
      </input_file>
      <input_file id="fl-33">
         <path>C:\ti\mcu_plus_sdk_am263x_10_00_00_35\source\kernel\nortos\lib\</path>
         <kind>archive</kind>
         <file>nortos.am263x.r5f.ti-arm-clang.release.lib</file>
         <name>SemaphoreP_nortos.obj</name>
      </input_file>
      <input_file id="fl-34">
         <path>C:\ti\mcu_plus_sdk_am263x_10_00_00_35\source\drivers\lib\</path>
         <kind>archive</kind>
         <file>drivers.am263x.r5f.ti-arm-clang.release.lib</file>
         <name>gpio.obj</name>
      </input_file>
      <input_file id="fl-35">
         <path>C:\ti\mcu_plus_sdk_am263x_10_00_00_35\source\drivers\lib\</path>
         <kind>archive</kind>
         <file>drivers.am263x.r5f.ti-arm-clang.release.lib</file>
         <name>pinmux.obj</name>
      </input_file>
      <input_file id="fl-36">
         <path>C:\ti\mcu_plus_sdk_am263x_10_00_00_35\source\drivers\lib\</path>
         <kind>archive</kind>
         <file>drivers.am263x.r5f.ti-arm-clang.release.lib</file>
         <name>soc.obj</name>
      </input_file>
      <input_file id="fl-37">
         <path>C:\ti\mcu_plus_sdk_am263x_10_00_00_35\source\drivers\lib\</path>
         <kind>archive</kind>
         <file>drivers.am263x.r5f.ti-arm-clang.release.lib</file>
         <name>soc_rcm.obj</name>
      </input_file>
      <input_file id="fl-38">
         <path>C:\ti\mcu_plus_sdk_am263x_10_00_00_35\source\drivers\lib\</path>
         <kind>archive</kind>
         <file>drivers.am263x.r5f.ti-arm-clang.release.lib</file>
         <name>uart_v0.obj</name>
      </input_file>
      <input_file id="fl-39">
         <path>C:\ti\mcu_plus_sdk_am263x_10_00_00_35\source\drivers\lib\</path>
         <kind>archive</kind>
         <file>drivers.am263x.r5f.ti-arm-clang.release.lib</file>
         <name>uart_v0_lld.obj</name>
      </input_file>
      <input_file id="fl-3a">
         <path>C:\ti\mcu_plus_sdk_am263x_10_00_00_35\source\drivers\lib\</path>
         <kind>archive</kind>
         <file>drivers.am263x.r5f.ti-arm-clang.release.lib</file>
         <name>uart_dma_edma.obj</name>
      </input_file>
      <input_file id="fl-3b">
         <path>C:\ti\mcu_plus_sdk_am263x_10_00_00_35\source\drivers\lib\</path>
         <kind>archive</kind>
         <file>drivers.am263x.r5f.ti-arm-clang.release.lib</file>
         <name>edma.obj</name>
      </input_file>
      <input_file id="fl-50">
         <path>C:\ti\ccs1281\ccs\tools\compiler\ti-cgt-armllvm_4.0.0.LTS\lib\armv7r-ti-none-eabihf\c\</path>
         <kind>archive</kind>
         <file>libc.a</file>
         <name>fputc.c.obj</name>
      </input_file>
      <input_file id="fl-51">
         <path>C:\ti\ccs1281\ccs\tools\compiler\ti-cgt-armllvm_4.0.0.LTS\lib\armv7r-ti-none-eabihf\c\</path>
         <kind>archive</kind>
         <file>libc.a</file>
         <name>_io_perm.c.obj</name>
      </input_file>
      <input_file id="fl-52">
         <path>C:\ti\ccs1281\ccs\tools\compiler\ti-cgt-armllvm_4.0.0.LTS\lib\armv7r-ti-none-eabihf\c\</path>
         <kind>archive</kind>
         <file>libc.a</file>
         <name>setvbuf.c.obj</name>
      </input_file>
      <input_file id="fl-53">
         <path>C:\ti\ccs1281\ccs\tools\compiler\ti-cgt-armllvm_4.0.0.LTS\lib\armv7r-ti-none-eabihf\c\</path>
         <kind>archive</kind>
         <file>libc.a</file>
         <name>exit.c.obj</name>
      </input_file>
      <input_file id="fl-54">
         <path>C:\ti\ccs1281\ccs\tools\compiler\ti-cgt-armllvm_4.0.0.LTS\lib\armv7r-ti-none-eabihf\c\</path>
         <kind>archive</kind>
         <file>libc.a</file>
         <name>_lock.c.obj</name>
      </input_file>
      <input_file id="fl-55">
         <path>C:\ti\ccs1281\ccs\tools\compiler\ti-cgt-armllvm_4.0.0.LTS\lib\armv7r-ti-none-eabihf\c\</path>
         <kind>archive</kind>
         <file>libc.a</file>
         <name>defs.c.obj</name>
      </input_file>
      <input_file id="fl-56">
         <path>C:\ti\ccs1281\ccs\tools\compiler\ti-cgt-armllvm_4.0.0.LTS\lib\armv7r-ti-none-eabihf\c\</path>
         <kind>archive</kind>
         <file>libc.a</file>
         <name>memory.c.obj</name>
      </input_file>
      <input_file id="fl-57">
         <path>C:\ti\ccs1281\ccs\tools\compiler\ti-cgt-armllvm_4.0.0.LTS\lib\armv7r-ti-none-eabihf\c\</path>
         <kind>archive</kind>
         <file>libc.a</file>
         <name>autoinit.c.obj</name>
      </input_file>
      <input_file id="fl-58">
         <path>C:\ti\ccs1281\ccs\tools\compiler\ti-cgt-armllvm_4.0.0.LTS\lib\armv7r-ti-none-eabihf\c\</path>
         <kind>archive</kind>
         <file>libc.a</file>
         <name>cpy_tbl.c.obj</name>
      </input_file>
      <input_file id="fl-59">
         <path>C:\ti\ccs1281\ccs\tools\compiler\ti-cgt-armllvm_4.0.0.LTS\lib\armv7r-ti-none-eabihf\c\</path>
         <kind>archive</kind>
         <file>libc.a</file>
         <name>fflush.c.obj</name>
      </input_file>
      <input_file id="fl-5a">
         <path>C:\ti\ccs1281\ccs\tools\compiler\ti-cgt-armllvm_4.0.0.LTS\lib\armv7r-ti-none-eabihf\c\</path>
         <kind>archive</kind>
         <file>libc.a</file>
         <name>fopen.c.obj</name>
      </input_file>
      <input_file id="fl-5b">
         <path>C:\ti\ccs1281\ccs\tools\compiler\ti-cgt-armllvm_4.0.0.LTS\lib\armv7r-ti-none-eabihf\c\</path>
         <kind>archive</kind>
         <file>libc.a</file>
         <name>fseek.c.obj</name>
      </input_file>
      <input_file id="fl-5c">
         <path>C:\ti\ccs1281\ccs\tools\compiler\ti-cgt-armllvm_4.0.0.LTS\lib\armv7r-ti-none-eabihf\c\</path>
         <kind>archive</kind>
         <file>libc.a</file>
         <name>aeabi_portable.c.obj</name>
      </input_file>
      <input_file id="fl-5d">
         <path>C:\ti\ccs1281\ccs\tools\compiler\ti-cgt-armllvm_4.0.0.LTS\lib\armv7r-ti-none-eabihf\c\</path>
         <kind>archive</kind>
         <file>libc.a</file>
         <name>assert.c.obj</name>
      </input_file>
      <input_file id="fl-5e">
         <path>C:\ti\ccs1281\ccs\tools\compiler\ti-cgt-armllvm_4.0.0.LTS\lib\armv7r-ti-none-eabihf\c\</path>
         <kind>archive</kind>
         <file>libc.a</file>
         <name>sprintf.c.obj</name>
      </input_file>
      <input_file id="fl-5f">
         <path>C:\ti\ccs1281\ccs\tools\compiler\ti-cgt-armllvm_4.0.0.LTS\lib\armv7r-ti-none-eabihf\c\</path>
         <kind>archive</kind>
         <file>libc.a</file>
         <name>fclose.c.obj</name>
      </input_file>
      <input_file id="fl-60">
         <path>C:\ti\ccs1281\ccs\tools\compiler\ti-cgt-armllvm_4.0.0.LTS\lib\armv7r-ti-none-eabihf\c\</path>
         <kind>archive</kind>
         <file>libc.a</file>
         <name>fputs.c.obj</name>
      </input_file>
      <input_file id="fl-61">
         <path>C:\ti\ccs1281\ccs\tools\compiler\ti-cgt-armllvm_4.0.0.LTS\lib\armv7r-ti-none-eabihf\c\</path>
         <kind>archive</kind>
         <file>libc.a</file>
         <name>_printfi.c.obj</name>
      </input_file>
      <input_file id="fl-62">
         <path>C:\ti\ccs1281\ccs\tools\compiler\ti-cgt-armllvm_4.0.0.LTS\lib\armv7r-ti-none-eabihf\c\</path>
         <kind>archive</kind>
         <file>libc.a</file>
         <name>wcslen.c.obj</name>
      </input_file>
      <input_file id="fl-63">
         <path>C:\ti\ccs1281\ccs\tools\compiler\ti-cgt-armllvm_4.0.0.LTS\lib\armv7r-ti-none-eabihf\c\</path>
         <kind>archive</kind>
         <file>libc.a</file>
         <name>s_frexp.c.obj</name>
      </input_file>
      <input_file id="fl-64">
         <path>C:\ti\ccs1281\ccs\tools\compiler\ti-cgt-armllvm_4.0.0.LTS\lib\armv7r-ti-none-eabihf\c\</path>
         <kind>archive</kind>
         <file>libc.a</file>
         <name>s_scalbn.c.obj</name>
      </input_file>
      <input_file id="fl-65">
         <path>C:\ti\ccs1281\ccs\tools\compiler\ti-cgt-armllvm_4.0.0.LTS\lib\armv7r-ti-none-eabihf\c\</path>
         <kind>archive</kind>
         <file>libc.a</file>
         <name>_ltoa.c.obj</name>
      </input_file>
      <input_file id="fl-66">
         <path>C:\ti\ccs1281\ccs\tools\compiler\ti-cgt-armllvm_4.0.0.LTS\lib\armv7r-ti-none-eabihf\c\</path>
         <kind>archive</kind>
         <file>libc.a</file>
         <name>atoi.c.obj</name>
      </input_file>
      <input_file id="fl-67">
         <path>C:\ti\ccs1281\ccs\tools\compiler\ti-cgt-armllvm_4.0.0.LTS\lib\armv7r-ti-none-eabihf\c\</path>
         <kind>archive</kind>
         <file>libc.a</file>
         <name>memccpy.c.obj</name>
      </input_file>
      <input_file id="fl-68">
         <path>C:\ti\ccs1281\ccs\tools\compiler\ti-cgt-armllvm_4.0.0.LTS\lib\armv7r-ti-none-eabihf\c\</path>
         <kind>archive</kind>
         <file>libc.a</file>
         <name>aeabi_ctype.S.obj</name>
      </input_file>
      <input_file id="fl-7d">
         <path>C:\ti\ccs1281\ccs\tools\compiler\ti-cgt-armllvm_4.0.0.LTS\lib\armv7r-ti-none-eabihf\c\</path>
         <kind>archive</kind>
         <file>libsysbm.a</file>
         <name>write.c.obj</name>
      </input_file>
      <input_file id="fl-7e">
         <path>C:\ti\ccs1281\ccs\tools\compiler\ti-cgt-armllvm_4.0.0.LTS\lib\armv7r-ti-none-eabihf\c\</path>
         <kind>archive</kind>
         <file>libsysbm.a</file>
         <name>host_device.c.obj</name>
      </input_file>
      <input_file id="fl-7f">
         <path>C:\ti\ccs1281\ccs\tools\compiler\ti-cgt-armllvm_4.0.0.LTS\lib\armv7r-ti-none-eabihf\c\</path>
         <kind>archive</kind>
         <file>libsysbm.a</file>
         <name>remove.c.obj</name>
      </input_file>
      <input_file id="fl-80">
         <path>C:\ti\ccs1281\ccs\tools\compiler\ti-cgt-armllvm_4.0.0.LTS\lib\armv7r-ti-none-eabihf\c\</path>
         <kind>archive</kind>
         <file>libsysbm.a</file>
         <name>open.c.obj</name>
      </input_file>
      <input_file id="fl-81">
         <path>C:\ti\ccs1281\ccs\tools\compiler\ti-cgt-armllvm_4.0.0.LTS\lib\armv7r-ti-none-eabihf\c\</path>
         <kind>archive</kind>
         <file>libsysbm.a</file>
         <name>lseek.c.obj</name>
      </input_file>
      <input_file id="fl-82">
         <path>C:\ti\ccs1281\ccs\tools\compiler\ti-cgt-armllvm_4.0.0.LTS\lib\armv7r-ti-none-eabihf\c\</path>
         <kind>archive</kind>
         <file>libsysbm.a</file>
         <name>close.c.obj</name>
      </input_file>
      <input_file id="fl-83">
         <path>C:\ti\ccs1281\ccs\tools\compiler\ti-cgt-armllvm_4.0.0.LTS\lib\armv7r-ti-none-eabihf\c\</path>
         <kind>archive</kind>
         <file>libsysbm.a</file>
         <name>unlink.c.obj</name>
      </input_file>
      <input_file id="fl-84">
         <path>C:\ti\ccs1281\ccs\tools\compiler\ti-cgt-armllvm_4.0.0.LTS\lib\armv7r-ti-none-eabihf\c\</path>
         <kind>archive</kind>
         <file>libsysbm.a</file>
         <name>hostclose.c.obj</name>
      </input_file>
      <input_file id="fl-85">
         <path>C:\ti\ccs1281\ccs\tools\compiler\ti-cgt-armllvm_4.0.0.LTS\lib\armv7r-ti-none-eabihf\c\</path>
         <kind>archive</kind>
         <file>libsysbm.a</file>
         <name>hostlseek.c.obj</name>
      </input_file>
      <input_file id="fl-86">
         <path>C:\ti\ccs1281\ccs\tools\compiler\ti-cgt-armllvm_4.0.0.LTS\lib\armv7r-ti-none-eabihf\c\</path>
         <kind>archive</kind>
         <file>libsysbm.a</file>
         <name>hostopen.c.obj</name>
      </input_file>
      <input_file id="fl-87">
         <path>C:\ti\ccs1281\ccs\tools\compiler\ti-cgt-armllvm_4.0.0.LTS\lib\armv7r-ti-none-eabihf\c\</path>
         <kind>archive</kind>
         <file>libsysbm.a</file>
         <name>hostread.c.obj</name>
      </input_file>
      <input_file id="fl-88">
         <path>C:\ti\ccs1281\ccs\tools\compiler\ti-cgt-armllvm_4.0.0.LTS\lib\armv7r-ti-none-eabihf\c\</path>
         <kind>archive</kind>
         <file>libsysbm.a</file>
         <name>hostrename.c.obj</name>
      </input_file>
      <input_file id="fl-89">
         <path>C:\ti\ccs1281\ccs\tools\compiler\ti-cgt-armllvm_4.0.0.LTS\lib\armv7r-ti-none-eabihf\c\</path>
         <kind>archive</kind>
         <file>libsysbm.a</file>
         <name>hostunlink.c.obj</name>
      </input_file>
      <input_file id="fl-8a">
         <path>C:\ti\ccs1281\ccs\tools\compiler\ti-cgt-armllvm_4.0.0.LTS\lib\armv7r-ti-none-eabihf\c\</path>
         <kind>archive</kind>
         <file>libsysbm.a</file>
         <name>hostwrite.c.obj</name>
      </input_file>
      <input_file id="fl-8b">
         <path>C:\ti\ccs1281\ccs\tools\compiler\ti-cgt-armllvm_4.0.0.LTS\lib\armv7r-ti-none-eabihf\c\</path>
         <kind>archive</kind>
         <file>libsysbm.a</file>
         <name>trgmsg.c.obj</name>
      </input_file>
      <input_file id="fl-10d">
         <path>C:\ti\ccs1281\ccs\tools\compiler\ti-cgt-armllvm_4.0.0.LTS\lib\armv7r-ti-none-eabihf\c\</path>
         <kind>archive</kind>
         <file>libc.a</file>
         <name>getdevice.c.obj</name>
      </input_file>
      <input_file id="fl-10e">
         <path>C:\ti\ccs1281\ccs\tools\compiler\ti-cgt-armllvm_4.0.0.LTS\lib\armv7r-ti-none-eabihf\c\</path>
         <kind>archive</kind>
         <file>libc.a</file>
         <name>strcmp32.S.obj</name>
      </input_file>
      <input_file id="fl-10f">
         <path>C:\ti\ccs1281\ccs\tools\compiler\ti-cgt-armllvm_4.0.0.LTS\lib\armv7r-ti-none-eabihf\</path>
         <kind>archive</kind>
         <file>libclang_rt.builtins.a</file>
         <name>divsi3.S.obj</name>
      </input_file>
      <input_file id="fl-110">
         <path>C:\ti\ccs1281\ccs\tools\compiler\ti-cgt-armllvm_4.0.0.LTS\lib\armv7r-ti-none-eabihf\</path>
         <kind>archive</kind>
         <file>libclang_rt.builtins.a</file>
         <name>udivsi3.S.obj</name>
      </input_file>
      <input_file id="fl-111">
         <path>C:\ti\ccs1281\ccs\tools\compiler\ti-cgt-armllvm_4.0.0.LTS\lib\armv7r-ti-none-eabihf\</path>
         <kind>archive</kind>
         <file>libclang_rt.builtins.a</file>
         <name>aeabi_div0.c.obj</name>
      </input_file>
      <input_file id="fl-112">
         <path>C:\ti\ccs1281\ccs\tools\compiler\ti-cgt-armllvm_4.0.0.LTS\lib\armv7r-ti-none-eabihf\</path>
         <kind>archive</kind>
         <file>libclang_rt.builtins.a</file>
         <name>aeabi_memcpy.S.obj</name>
      </input_file>
      <input_file id="fl-113">
         <path>C:\ti\ccs1281\ccs\tools\compiler\ti-cgt-armllvm_4.0.0.LTS\lib\armv7r-ti-none-eabihf\</path>
         <kind>archive</kind>
         <file>libclang_rt.builtins.a</file>
         <name>aeabi_memset.S.obj</name>
      </input_file>
      <input_file id="fl-114">
         <path>C:\ti\ccs1281\ccs\tools\compiler\ti-cgt-armllvm_4.0.0.LTS\lib\armv7r-ti-none-eabihf\</path>
         <kind>archive</kind>
         <file>libclang_rt.builtins.a</file>
         <name>aeabi_uldivmod.S.obj</name>
      </input_file>
      <input_file id="fl-115">
         <path>C:\ti\ccs1281\ccs\tools\compiler\ti-cgt-armllvm_4.0.0.LTS\lib\armv7r-ti-none-eabihf\</path>
         <kind>archive</kind>
         <file>libclang_rt.builtins.a</file>
         <name>udivmoddi4.S.obj</name>
      </input_file>
      <input_file id="fl-116">
         <path>C:\ti\ccs1281\ccs\tools\compiler\ti-cgt-armllvm_4.0.0.LTS\lib\armv7r-ti-none-eabihf\c\</path>
         <kind>archive</kind>
         <file>libc.a</file>
         <name>memcpy32.S.obj</name>
      </input_file>
      <input_file id="fl-117">
         <path>C:\ti\ccs1281\ccs\tools\compiler\ti-cgt-armllvm_4.0.0.LTS\lib\armv7r-ti-none-eabihf\c\</path>
         <kind>archive</kind>
         <file>libc.a</file>
         <name>memset32.S.obj</name>
      </input_file>
      <input_file id="fl-118">
         <path>C:\ti\mcu_plus_sdk_am263x_10_00_00_35\source\kernel\nortos\lib\</path>
         <kind>archive</kind>
         <file>nortos.am263x.r5f.ti-arm-clang.release.lib</file>
         <name>CpuId_armv7r.obj</name>
      </input_file>
      <input_file id="fl-119">
         <path>C:\ti\mcu_plus_sdk_am263x_10_00_00_35\source\kernel\nortos\lib\</path>
         <kind>archive</kind>
         <file>nortos.am263x.r5f.ti-arm-clang.release.lib</file>
         <name>TaskP_nortos.obj</name>
      </input_file>
      <input_file id="fl-11a">
         <path>C:\ti\mcu_plus_sdk_am263x_10_00_00_35\source\kernel\nortos\lib\</path>
         <kind>archive</kind>
         <file>nortos.am263x.r5f.ti-arm-clang.release.lib</file>
         <name>CpuId_armv7r_asm.obj</name>
      </input_file>
   </input_file_list>
   <object_component_list>
      <object_component id="oc-2a">
         <name>.vectors</name>
         <load_address>0x0</load_address>
         <readonly>true</readonly>
         <executable>true</executable>
         <run_address>0x0</run_address>
         <size>0x40</size>
         <alignment>0x4</alignment>
         <input_file_ref idref="fl-2c"/>
      </object_component>
      <object_component id="oc-71">
         <name>.text.hwi</name>
         <load_address>0x70053dd8</load_address>
         <readonly>true</readonly>
         <executable>true</executable>
         <run_address>0x70053dd8</run_address>
         <size>0x3fa</size>
         <alignment>0x2</alignment>
         <input_file_ref idref="fl-25"/>
      </object_component>
      <object_component id="oc-53">
         <name>.text.hwi</name>
         <load_address>0x700541d2</load_address>
         <readonly>true</readonly>
         <executable>true</executable>
         <run_address>0x700541d2</run_address>
         <size>0x390</size>
         <alignment>0x2</alignment>
         <input_file_ref idref="fl-26"/>
      </object_component>
      <object_component id="oc-4f">
         <name>.text.hwi</name>
         <load_address>0x70054564</load_address>
         <readonly>true</readonly>
         <executable>true</executable>
         <run_address>0x70054564</run_address>
         <size>0x178</size>
         <alignment>0x4</alignment>
         <input_file_ref idref="fl-2b"/>
      </object_component>
      <object_component id="oc-76">
         <name>.text.hwi</name>
         <load_address>0x700546dc</load_address>
         <readonly>true</readonly>
         <executable>true</executable>
         <run_address>0x700546dc</run_address>
         <size>0x70</size>
         <alignment>0x4</alignment>
         <input_file_ref idref="fl-2e"/>
      </object_component>
      <object_component id="oc-3cb">
         <name>.tramp.HwiP_enableFIQ.1</name>
         <load_address>0x7005474c</load_address>
         <readonly>true</readonly>
         <executable>true</executable>
         <run_address>0x7005474c</run_address>
         <size>0x8</size>
         <alignment>0x4</alignment>
         <input_file_ref idref="fl-2e"/>
      </object_component>
      <object_component id="oc-c7">
         <name>.text.cache</name>
         <load_address>0x70054758</load_address>
         <readonly>true</readonly>
         <executable>true</executable>
         <run_address>0x70054758</run_address>
         <size>0x340</size>
         <alignment>0x4</alignment>
         <input_file_ref idref="fl-30"/>
      </object_component>
      <object_component id="oc-82">
         <name>.text.cache</name>
         <load_address>0x70054a98</load_address>
         <readonly>true</readonly>
         <executable>true</executable>
         <run_address>0x70054a98</run_address>
         <size>0xd8</size>
         <alignment>0x2</alignment>
         <input_file_ref idref="fl-28"/>
      </object_component>
      <object_component id="oc-3ce">
         <name>.tramp.CacheP_invL1d.1</name>
         <load_address>0x70054b70</load_address>
         <readonly>true</readonly>
         <executable>true</executable>
         <run_address>0x70054b70</run_address>
         <size>0x8</size>
         <alignment>0x4</alignment>
         <input_file_ref idref="fl-30"/>
      </object_component>
      <object_component id="oc-3cd">
         <name>.tramp.CacheP_enableL1p.1</name>
         <load_address>0x70054b78</load_address>
         <readonly>true</readonly>
         <executable>true</executable>
         <run_address>0x70054b78</run_address>
         <size>0x8</size>
         <alignment>0x4</alignment>
         <input_file_ref idref="fl-30"/>
      </object_component>
      <object_component id="oc-3cc">
         <name>.tramp.HwiP_restore.2</name>
         <load_address>0x70054b80</load_address>
         <readonly>true</readonly>
         <executable>true</executable>
         <run_address>0x70054b80</run_address>
         <size>0x8</size>
         <alignment>0x4</alignment>
         <input_file_ref idref="fl-2e"/>
      </object_component>
      <object_component id="oc-7e">
         <name>.text.mpu</name>
         <load_address>0x70054b88</load_address>
         <readonly>true</readonly>
         <executable>true</executable>
         <run_address>0x70054b88</run_address>
         <size>0x190</size>
         <alignment>0x2</alignment>
         <input_file_ref idref="fl-27"/>
      </object_component>
      <object_component id="oc-c3">
         <name>.text.mpu</name>
         <load_address>0x70054d18</load_address>
         <readonly>true</readonly>
         <executable>true</executable>
         <run_address>0x70054d18</run_address>
         <size>0x78</size>
         <alignment>0x4</alignment>
         <input_file_ref idref="fl-2f"/>
      </object_component>
      <object_component id="oc-3d0">
         <name>.tramp.HwiP_restore.3</name>
         <load_address>0x70054d90</load_address>
         <readonly>true</readonly>
         <executable>true</executable>
         <run_address>0x70054d90</run_address>
         <size>0x8</size>
         <alignment>0x4</alignment>
         <input_file_ref idref="fl-2e"/>
      </object_component>
      <object_component id="oc-3cf">
         <name>.tramp.MpuP_isEnableAsm.1</name>
         <load_address>0x70054d98</load_address>
         <readonly>true</readonly>
         <executable>true</executable>
         <run_address>0x70054d98</run_address>
         <size>0x8</size>
         <alignment>0x4</alignment>
         <input_file_ref idref="fl-2f"/>
      </object_component>
      <object_component id="oc-4b">
         <name>.text.boot</name>
         <load_address>0x70054da0</load_address>
         <readonly>true</readonly>
         <executable>true</executable>
         <run_address>0x70054da0</run_address>
         <size>0x144</size>
         <alignment>0x4</alignment>
         <input_file_ref idref="fl-2d"/>
      </object_component>
      <object_component id="oc-bb">
         <name>.text.boot</name>
         <load_address>0x70054ee4</load_address>
         <readonly>true</readonly>
         <executable>true</executable>
         <run_address>0x70054ee4</run_address>
         <size>0x1e</size>
         <alignment>0x2</alignment>
         <input_file_ref idref="fl-20"/>
      </object_component>
      <object_component id="oc-62">
         <name>.text.boot</name>
         <load_address>0x70054f02</load_address>
         <readonly>true</readonly>
         <executable>true</executable>
         <run_address>0x70054f02</run_address>
         <size>0x1c</size>
         <alignment>0x2</alignment>
         <input_file_ref idref="fl-32"/>
      </object_component>
      <object_component id="oc-5d">
         <name>.text.boot</name>
         <load_address>0x70054f1e</load_address>
         <readonly>true</readonly>
         <executable>true</executable>
         <run_address>0x70054f1e</run_address>
         <size>0xe</size>
         <alignment>0x2</alignment>
         <input_file_ref idref="fl-2"/>
      </object_component>
      <object_component id="oc-b2">
         <name>.text:abort</name>
         <load_address>0x70054f30</load_address>
         <readonly>true</readonly>
         <executable>true</executable>
         <run_address>0x70054f30</run_address>
         <size>0x8</size>
         <alignment>0x4</alignment>
         <input_file_ref idref="fl-53"/>
      </object_component>
      <object_component id="oc-1eb">
         <name>.text._vsnprintf</name>
         <load_address>0x7004d5c0</load_address>
         <readonly>true</readonly>
         <executable>true</executable>
         <run_address>0x7004d5c0</run_address>
         <size>0x580</size>
         <alignment>0x4</alignment>
         <input_file_ref idref="fl-29"/>
      </object_component>
      <object_component id="oc-219">
         <name>.text.SOC_rcmEnablePeripheralClock</name>
         <load_address>0x7004db40</load_address>
         <readonly>true</readonly>
         <executable>true</executable>
         <run_address>0x7004db40</run_address>
         <size>0x400</size>
         <alignment>0x4</alignment>
         <input_file_ref idref="fl-37"/>
      </object_component>
      <object_component id="oc-22a">
         <name>.text._ftoa</name>
         <load_address>0x7004df40</load_address>
         <readonly>true</readonly>
         <executable>true</executable>
         <run_address>0x7004df40</run_address>
         <size>0x3b0</size>
         <alignment>0x8</alignment>
         <input_file_ref idref="fl-29"/>
      </object_component>
      <object_component id="oc-1aa">
         <name>.text.GPIO_bankIntrDisable</name>
         <load_address>0x7004e2f0</load_address>
         <readonly>true</readonly>
         <executable>true</executable>
         <run_address>0x7004e2f0</run_address>
         <size>0x10</size>
         <alignment>0x2</alignment>
         <input_file_ref idref="fl-34"/>
      </object_component>
      <object_component id="oc-38b">
         <name>.text:strcmp</name>
         <load_address>0x7004e300</load_address>
         <readonly>true</readonly>
         <executable>true</executable>
         <run_address>0x7004e300</run_address>
         <size>0x390</size>
         <alignment>0x20</alignment>
         <input_file_ref idref="fl-10e"/>
      </object_component>
      <object_component id="oc-22b">
         <name>.text._etoa</name>
         <load_address>0x7004e690</load_address>
         <readonly>true</readonly>
         <executable>true</executable>
         <run_address>0x7004e690</run_address>
         <size>0x300</size>
         <alignment>0x8</alignment>
         <input_file_ref idref="fl-29"/>
      </object_component>
      <object_component id="oc-1e7">
         <name>.text.UART_open</name>
         <load_address>0x7004e990</load_address>
         <readonly>true</readonly>
         <executable>true</executable>
         <run_address>0x7004e990</run_address>
         <size>0x2a8</size>
         <alignment>0x4</alignment>
         <input_file_ref idref="fl-38"/>
      </object_component>
      <object_component id="oc-259">
         <name>.text.UART_configInstance</name>
         <load_address>0x7004ec38</load_address>
         <readonly>true</readonly>
         <executable>true</executable>
         <run_address>0x7004ec38</run_address>
         <size>0x23c</size>
         <alignment>0x2</alignment>
         <input_file_ref idref="fl-39"/>
      </object_component>
      <object_component id="oc-27c">
         <name>.text.EDMA_freeChannelRegion</name>
         <load_address>0x7004ee74</load_address>
         <readonly>true</readonly>
         <executable>true</executable>
         <run_address>0x7004ee74</run_address>
         <size>0x204</size>
         <alignment>0x4</alignment>
         <input_file_ref idref="fl-3b"/>
      </object_component>
      <object_component id="oc-21a">
         <name>.text.SOC_rcmSetPeripheralClock</name>
         <load_address>0x7004f078</load_address>
         <readonly>true</readonly>
         <executable>true</executable>
         <run_address>0x7004f078</run_address>
         <size>0x1ec</size>
         <alignment>0x4</alignment>
         <input_file_ref idref="fl-37"/>
      </object_component>
      <object_component id="oc-2ff">
         <name>.text.free</name>
         <load_address>0x7004f264</load_address>
         <readonly>true</readonly>
         <executable>true</executable>
         <run_address>0x7004f264</run_address>
         <size>0x1a8</size>
         <alignment>0x4</alignment>
         <input_file_ref idref="fl-56"/>
      </object_component>
      <object_component id="oc-31b">
         <name>.text.aligned_alloc</name>
         <load_address>0x7004f40c</load_address>
         <readonly>true</readonly>
         <executable>true</executable>
         <run_address>0x7004f40c</run_address>
         <size>0x1a4</size>
         <alignment>0x4</alignment>
         <input_file_ref idref="fl-56"/>
      </object_component>
      <object_component id="oc-25a">
         <name>.text.UART_lld_dmaInit</name>
         <load_address>0x7004f5b0</load_address>
         <readonly>true</readonly>
         <executable>true</executable>
         <run_address>0x7004f5b0</run_address>
         <size>0x194</size>
         <alignment>0x4</alignment>
         <input_file_ref idref="fl-3a"/>
      </object_component>
      <object_component id="oc-227">
         <name>.text.UART_lld_controllerIsr</name>
         <load_address>0x7004f744</load_address>
         <readonly>true</readonly>
         <executable>true</executable>
         <run_address>0x7004f744</run_address>
         <size>0x15c</size>
         <alignment>0x2</alignment>
         <input_file_ref idref="fl-39"/>
      </object_component>
      <object_component id="oc-23e">
         <name>.text.UART_lld_dmaDeInit</name>
         <load_address>0x7004f8a0</load_address>
         <readonly>true</readonly>
         <executable>true</executable>
         <run_address>0x7004f8a0</run_address>
         <size>0x14e</size>
         <alignment>0x2</alignment>
         <input_file_ref idref="fl-3a"/>
      </object_component>
      <object_component id="oc-115">
         <name>.text.AddrTranslateP_getLocalAddr</name>
         <load_address>0x7004f9ee</load_address>
         <readonly>true</readonly>
         <executable>true</executable>
         <run_address>0x7004f9ee</run_address>
         <size>0x2</size>
         <alignment>0x2</alignment>
         <input_file_ref idref="fl-1e"/>
      </object_component>
      <object_component id="oc-2e4">
         <name>.text.setvbuf</name>
         <load_address>0x7004f9f0</load_address>
         <readonly>true</readonly>
         <executable>true</executable>
         <run_address>0x7004f9f0</run_address>
         <size>0x144</size>
         <alignment>0x4</alignment>
         <input_file_ref idref="fl-52"/>
      </object_component>
      <object_component id="oc-1c6">
         <name>.text.TimerP_setup</name>
         <load_address>0x7004fb34</load_address>
         <readonly>true</readonly>
         <executable>true</executable>
         <run_address>0x7004fb34</run_address>
         <size>0x140</size>
         <alignment>0x2</alignment>
         <input_file_ref idref="fl-24"/>
      </object_component>
      <object_component id="oc-1a9">
         <name>.text.UART_close</name>
         <load_address>0x7004fc74</load_address>
         <readonly>true</readonly>
         <executable>true</executable>
         <run_address>0x7004fc74</run_address>
         <size>0x138</size>
         <alignment>0x4</alignment>
         <input_file_ref idref="fl-38"/>
      </object_component>
      <object_component id="oc-2da">
         <name>.text.SOC_virtToPhy</name>
         <load_address>0x7004fdac</load_address>
         <readonly>true</readonly>
         <executable>true</executable>
         <run_address>0x7004fdac</run_address>
         <size>0x134</size>
         <alignment>0x4</alignment>
         <input_file_ref idref="fl-36"/>
      </object_component>
      <object_component id="oc-26f">
         <name>.text._ntoa_format</name>
         <load_address>0x7004fee0</load_address>
         <readonly>true</readonly>
         <executable>true</executable>
         <run_address>0x7004fee0</run_address>
         <size>0x132</size>
         <alignment>0x2</alignment>
         <input_file_ref idref="fl-29"/>
      </object_component>
      <object_component id="oc-ae">
         <name>.text.Board_deinit</name>
         <load_address>0x70050012</load_address>
         <readonly>true</readonly>
         <executable>true</executable>
         <run_address>0x70050012</run_address>
         <size>0x2</size>
         <alignment>0x2</alignment>
         <input_file_ref idref="fl-7"/>
      </object_component>
      <object_component id="oc-24e">
         <name>.text.SOC_rcmGetPeripheralClockFrequency</name>
         <load_address>0x70050014</load_address>
         <readonly>true</readonly>
         <executable>true</executable>
         <run_address>0x70050014</run_address>
         <size>0x11c</size>
         <alignment>0x4</alignment>
         <input_file_ref idref="fl-37"/>
      </object_component>
      <object_component id="oc-2b6">
         <name>.text.Alloc_resource</name>
         <load_address>0x70050130</load_address>
         <readonly>true</readonly>
         <executable>true</executable>
         <run_address>0x70050130</run_address>
         <size>0x118</size>
         <alignment>0x4</alignment>
         <input_file_ref idref="fl-3b"/>
      </object_component>
      <object_component id="oc-1d1">
         <name>.text</name>
         <load_address>0x70050248</load_address>
         <readonly>true</readonly>
         <executable>true</executable>
         <run_address>0x70050248</run_address>
         <size>0x118</size>
         <alignment>0x4</alignment>
         <input_file_ref idref="fl-115"/>
      </object_component>
      <object_component id="oc-a8">
         <name>.text.gpio_input_interrupt_main</name>
         <load_address>0x70050360</load_address>
         <readonly>true</readonly>
         <executable>true</executable>
         <run_address>0x70050360</run_address>
         <size>0x112</size>
         <alignment>0x2</alignment>
         <input_file_ref idref="fl-d"/>
      </object_component>
      <object_component id="oc-2d5">
         <name>.text.UART_lld_write</name>
         <load_address>0x70050472</load_address>
         <readonly>true</readonly>
         <executable>true</executable>
         <run_address>0x70050472</run_address>
         <size>0x10e</size>
         <alignment>0x2</alignment>
         <input_file_ref idref="fl-39"/>
      </object_component>
      <object_component id="oc-2bf">
         <name>.text.UART_lld_dmaWrite</name>
         <load_address>0x70050580</load_address>
         <readonly>true</readonly>
         <executable>true</executable>
         <run_address>0x70050580</run_address>
         <size>0x104</size>
         <alignment>0x4</alignment>
         <input_file_ref idref="fl-3a"/>
      </object_component>
      <object_component id="oc-154">
         <name>.text.ClockP_init</name>
         <load_address>0x70050684</load_address>
         <readonly>true</readonly>
         <executable>true</executable>
         <run_address>0x70050684</run_address>
         <size>0x102</size>
         <alignment>0x2</alignment>
         <input_file_ref idref="fl-23"/>
      </object_component>
      <object_component id="oc-12c">
         <name>.text.Board_driversClose</name>
         <load_address>0x70050786</load_address>
         <readonly>true</readonly>
         <executable>true</executable>
         <run_address>0x70050786</run_address>
         <size>0x2</size>
         <alignment>0x2</alignment>
         <input_file_ref idref="fl-8"/>
      </object_component>
      <object_component id="oc-2a0">
         <name>.text.UART_write</name>
         <load_address>0x70050788</load_address>
         <readonly>true</readonly>
         <executable>true</executable>
         <run_address>0x70050788</run_address>
         <size>0xfc</size>
         <alignment>0x4</alignment>
         <input_file_ref idref="fl-38"/>
      </object_component>
      <object_component id="oc-299">
         <name>.text.fputc</name>
         <load_address>0x70050884</load_address>
         <readonly>true</readonly>
         <executable>true</executable>
         <run_address>0x70050884</run_address>
         <size>0xf0</size>
         <alignment>0x4</alignment>
         <input_file_ref idref="fl-50"/>
      </object_component>
      <object_component id="oc-276">
         <name>.text.EDMA_unregisterIntr</name>
         <load_address>0x70050974</load_address>
         <readonly>true</readonly>
         <executable>true</executable>
         <run_address>0x70050974</run_address>
         <size>0xcc</size>
         <alignment>0x4</alignment>
         <input_file_ref idref="fl-3b"/>
      </object_component>
      <object_component id="oc-21c">
         <name>.text.UART_lld_initDma</name>
         <load_address>0x70050a40</load_address>
         <readonly>true</readonly>
         <executable>true</executable>
         <run_address>0x70050a40</run_address>
         <size>0xcc</size>
         <alignment>0x4</alignment>
         <input_file_ref idref="fl-39"/>
      </object_component>
      <object_component id="oc-37f">
         <name>.text.getdevice</name>
         <load_address>0x70050b0c</load_address>
         <readonly>true</readonly>
         <executable>true</executable>
         <run_address>0x70050b0c</run_address>
         <size>0xc8</size>
         <alignment>0x4</alignment>
         <input_file_ref idref="fl-10d"/>
      </object_component>
      <object_component id="oc-21d">
         <name>.text.UART_lld_init</name>
         <load_address>0x70050bd4</load_address>
         <readonly>true</readonly>
         <executable>true</executable>
         <run_address>0x70050bd4</run_address>
         <size>0xc0</size>
         <alignment>0x4</alignment>
         <input_file_ref idref="fl-39"/>
      </object_component>
      <object_component id="oc-295">
         <name>.text.EDMA_registerIntr</name>
         <load_address>0x70050c94</load_address>
         <readonly>true</readonly>
         <executable>true</executable>
         <run_address>0x70050c94</run_address>
         <size>0xbc</size>
         <alignment>0x4</alignment>
         <input_file_ref idref="fl-3b"/>
      </object_component>
      <object_component id="oc-2fb">
         <name>.text.fseeko</name>
         <load_address>0x70050d50</load_address>
         <readonly>true</readonly>
         <executable>true</executable>
         <run_address>0x70050d50</run_address>
         <size>0xb4</size>
         <alignment>0x4</alignment>
         <input_file_ref idref="fl-5b"/>
      </object_component>
      <object_component id="oc-31c">
         <name>.text.__TI_closefile</name>
         <load_address>0x70050e04</load_address>
         <readonly>true</readonly>
         <executable>true</executable>
         <run_address>0x70050e04</run_address>
         <size>0xb0</size>
         <alignment>0x4</alignment>
         <input_file_ref idref="fl-5f"/>
      </object_component>
      <object_component id="oc-22c">
         <name>.text._ntoa_long_long</name>
         <load_address>0x70050eb4</load_address>
         <readonly>true</readonly>
         <executable>true</executable>
         <run_address>0x70050eb4</run_address>
         <size>0xb0</size>
         <alignment>0x2</alignment>
         <input_file_ref idref="fl-29"/>
      </object_component>
      <object_component id="oc-211">
         <name>.text.SOC_rcmGetCoreHSDivOut</name>
         <load_address>0x70050f64</load_address>
         <readonly>true</readonly>
         <executable>true</executable>
         <run_address>0x70050f64</run_address>
         <size>0xac</size>
         <alignment>0x4</alignment>
         <input_file_ref idref="fl-37"/>
      </object_component>
      <object_component id="oc-28a">
         <name>.text.UART_divisorLatchWrite</name>
         <load_address>0x70051010</load_address>
         <readonly>true</readonly>
         <executable>true</executable>
         <run_address>0x70051010</run_address>
         <size>0xac</size>
         <alignment>0x2</alignment>
         <input_file_ref idref="fl-39"/>
      </object_component>
      <object_component id="oc-26b">
         <name>.text._out_rev</name>
         <load_address>0x700510bc</load_address>
         <readonly>true</readonly>
         <executable>true</executable>
         <run_address>0x700510bc</run_address>
         <size>0xa6</size>
         <alignment>0x2</alignment>
         <input_file_ref idref="fl-29"/>
      </object_component>
      <object_component id="oc-12b">
         <name>.text.Board_gpioDeinit</name>
         <load_address>0x70051162</load_address>
         <readonly>true</readonly>
         <executable>true</executable>
         <run_address>0x70051162</run_address>
         <size>0x2</size>
         <alignment>0x2</alignment>
         <input_file_ref idref="fl-1"/>
      </object_component>
      <object_component id="oc-348">
         <name>.text.split</name>
         <load_address>0x70051164</load_address>
         <readonly>true</readonly>
         <executable>true</executable>
         <run_address>0x70051164</run_address>
         <size>0xa4</size>
         <alignment>0x4</alignment>
         <input_file_ref idref="fl-56"/>
      </object_component>
      <object_component id="oc-27d">
         <name>.text.EDMA_freeDmaChannel</name>
         <load_address>0x70051208</load_address>
         <readonly>true</readonly>
         <executable>true</executable>
         <run_address>0x70051208</run_address>
         <size>0xa0</size>
         <alignment>0x4</alignment>
         <input_file_ref idref="fl-3b"/>
      </object_component>
      <object_component id="oc-27f">
         <name>.text.EDMA_freeParam</name>
         <load_address>0x700512a8</load_address>
         <readonly>true</readonly>
         <executable>true</executable>
         <run_address>0x700512a8</run_address>
         <size>0xa0</size>
         <alignment>0x4</alignment>
         <input_file_ref idref="fl-3b"/>
      </object_component>
      <object_component id="oc-27e">
         <name>.text.EDMA_freeTcc</name>
         <load_address>0x70051348</load_address>
         <readonly>true</readonly>
         <executable>true</executable>
         <run_address>0x70051348</run_address>
         <size>0xa0</size>
         <alignment>0x4</alignment>
         <input_file_ref idref="fl-3b"/>
      </object_component>
      <object_component id="oc-33d">
         <name>.text.HOSTrename</name>
         <load_address>0x700513e8</load_address>
         <readonly>true</readonly>
         <executable>true</executable>
         <run_address>0x700513e8</run_address>
         <size>0xa0</size>
         <alignment>0x4</alignment>
         <input_file_ref idref="fl-88"/>
      </object_component>
      <object_component id="oc-2bd">
         <name>.text.UART_lld_dmaRead</name>
         <load_address>0x70051488</load_address>
         <readonly>true</readonly>
         <executable>true</executable>
         <run_address>0x70051488</run_address>
         <size>0xa0</size>
         <alignment>0x4</alignment>
         <input_file_ref idref="fl-3a"/>
      </object_component>
      <object_component id="oc-2c0">
         <name>.text.__TI_wrt_ok</name>
         <load_address>0x70051528</load_address>
         <readonly>true</readonly>
         <executable>true</executable>
         <run_address>0x70051528</run_address>
         <size>0x9c</size>
         <alignment>0x4</alignment>
         <input_file_ref idref="fl-51"/>
      </object_component>
      <object_component id="oc-335">
         <name>.text.HOSTlseek</name>
         <load_address>0x700515c4</load_address>
         <readonly>true</readonly>
         <executable>true</executable>
         <run_address>0x700515c4</run_address>
         <size>0x98</size>
         <alignment>0x4</alignment>
         <input_file_ref idref="fl-85"/>
      </object_component>
      <object_component id="oc-1f0">
         <name>.text.SemaphoreP_pend</name>
         <load_address>0x7005165c</load_address>
         <readonly>true</readonly>
         <executable>true</executable>
         <run_address>0x7005165c</run_address>
         <size>0x96</size>
         <alignment>0x2</alignment>
         <input_file_ref idref="fl-33"/>
      </object_component>
      <object_component id="oc-294">
         <name>.text.EDMA_configureChannelRegion</name>
         <load_address>0x700516f2</load_address>
         <readonly>true</readonly>
         <executable>true</executable>
         <run_address>0x700516f2</run_address>
         <size>0x94</size>
         <alignment>0x2</alignment>
         <input_file_ref idref="fl-3b"/>
      </object_component>
      <object_component id="oc-105">
         <name>.text.Board_gpioInit</name>
         <load_address>0x70051786</load_address>
         <readonly>true</readonly>
         <executable>true</executable>
         <run_address>0x70051786</run_address>
         <size>0x2</size>
         <alignment>0x2</alignment>
         <input_file_ref idref="fl-1"/>
      </object_component>
      <object_component id="oc-325">
         <name>.text.HOSTopen</name>
         <load_address>0x70051788</load_address>
         <readonly>true</readonly>
         <executable>true</executable>
         <run_address>0x70051788</run_address>
         <size>0x94</size>
         <alignment>0x4</alignment>
         <input_file_ref idref="fl-86"/>
      </object_component>
      <object_component id="oc-297">
         <name>.text.UART_edmaIsrTx</name>
         <load_address>0x7005181c</load_address>
         <readonly>true</readonly>
         <executable>true</executable>
         <run_address>0x7005181c</run_address>
         <size>0x92</size>
         <alignment>0x2</alignment>
         <input_file_ref idref="fl-3a"/>
      </object_component>
      <object_component id="oc-22d">
         <name>.text._ntoa_long</name>
         <load_address>0x700518ae</load_address>
         <readonly>true</readonly>
         <executable>true</executable>
         <run_address>0x700518ae</run_address>
         <size>0x8e</size>
         <alignment>0x2</alignment>
         <input_file_ref idref="fl-29"/>
      </object_component>
      <object_component id="oc-34a">
         <name>.text.close</name>
         <load_address>0x7005193c</load_address>
         <readonly>true</readonly>
         <executable>true</executable>
         <run_address>0x7005193c</run_address>
         <size>0x8c</size>
         <alignment>0x4</alignment>
         <input_file_ref idref="fl-82"/>
      </object_component>
      <object_component id="oc-f1">
         <name>.text.UART_init</name>
         <load_address>0x700519c8</load_address>
         <readonly>true</readonly>
         <executable>true</executable>
         <run_address>0x700519c8</run_address>
         <size>0x88</size>
         <alignment>0x4</alignment>
         <input_file_ref idref="fl-38"/>
      </object_component>
      <object_component id="oc-25d">
         <name>.text.UART_procLineStatusErr</name>
         <load_address>0x70051a50</load_address>
         <readonly>true</readonly>
         <executable>true</executable>
         <run_address>0x70051a50</run_address>
         <size>0x88</size>
         <alignment>0x2</alignment>
         <input_file_ref idref="fl-39"/>
      </object_component>
      <object_component id="oc-2ca">
         <name>.text.__TI_doflush</name>
         <load_address>0x70051ad8</load_address>
         <readonly>true</readonly>
         <executable>true</executable>
         <run_address>0x70051ad8</run_address>
         <size>0x88</size>
         <alignment>0x4</alignment>
         <input_file_ref idref="fl-59"/>
      </object_component>
      <object_component id="oc-32d">
         <name>.text.HOSTread</name>
         <load_address>0x70051b60</load_address>
         <readonly>true</readonly>
         <executable>true</executable>
         <run_address>0x70051b60</run_address>
         <size>0x84</size>
         <alignment>0x4</alignment>
         <input_file_ref idref="fl-87"/>
      </object_component>
      <object_component id="oc-331">
         <name>.text.HOSTwrite</name>
         <load_address>0x70051be4</load_address>
         <readonly>true</readonly>
         <executable>true</executable>
         <run_address>0x70051be4</run_address>
         <size>0x84</size>
         <alignment>0x4</alignment>
         <input_file_ref idref="fl-8a"/>
      </object_component>
      <object_component id="oc-1f1">
         <name>.text.UART_flushTxFifo</name>
         <load_address>0x70051c68</load_address>
         <readonly>true</readonly>
         <executable>true</executable>
         <run_address>0x70051c68</run_address>
         <size>0x80</size>
         <alignment>0x4</alignment>
         <input_file_ref idref="fl-38"/>
      </object_component>
      <object_component id="oc-2a7">
         <name>.text.EDMA_disableTransferRegion</name>
         <load_address>0x70051ce8</load_address>
         <readonly>true</readonly>
         <executable>true</executable>
         <run_address>0x70051ce8</run_address>
         <size>0x6e</size>
         <alignment>0x2</alignment>
         <input_file_ref idref="fl-3b"/>
      </object_component>
      <object_component id="oc-2dc">
         <name>.text.EDMA_enableTransferRegion</name>
         <load_address>0x70051d56</load_address>
         <readonly>true</readonly>
         <executable>true</executable>
         <run_address>0x70051d56</run_address>
         <size>0x6e</size>
         <alignment>0x2</alignment>
         <input_file_ref idref="fl-3b"/>
      </object_component>
      <object_component id="oc-339">
         <name>.text.HOSTunlink</name>
         <load_address>0x70051dc4</load_address>
         <readonly>true</readonly>
         <executable>true</executable>
         <run_address>0x70051dc4</run_address>
         <size>0x6c</size>
         <alignment>0x4</alignment>
         <input_file_ref idref="fl-89"/>
      </object_component>
      <object_component id="oc-2d3">
         <name>.text.UART_lld_writeIntr</name>
         <load_address>0x70051e30</load_address>
         <readonly>true</readonly>
         <executable>true</executable>
         <run_address>0x70051e30</run_address>
         <size>0x68</size>
         <alignment>0x2</alignment>
         <input_file_ref idref="fl-39"/>
      </object_component>
      <object_component id="oc-2d4">
         <name>.text.UART_lld_writeDma</name>
         <load_address>0x70051e98</load_address>
         <readonly>true</readonly>
         <executable>true</executable>
         <run_address>0x70051e98</run_address>
         <size>0x66</size>
         <alignment>0x2</alignment>
         <input_file_ref idref="fl-39"/>
      </object_component>
      <object_component id="oc-a3">
         <name>.text.Board_init</name>
         <load_address>0x70051efe</load_address>
         <readonly>true</readonly>
         <executable>true</executable>
         <run_address>0x70051efe</run_address>
         <size>0x2</size>
         <alignment>0x2</alignment>
         <input_file_ref idref="fl-7"/>
      </object_component>
      <object_component id="oc-152">
         <name>.text.SOC_controlModuleUnlockMMR</name>
         <load_address>0x70051f00</load_address>
         <readonly>true</readonly>
         <executable>true</executable>
         <run_address>0x70051f00</run_address>
         <size>0x64</size>
         <alignment>0x4</alignment>
         <input_file_ref idref="fl-36"/>
      </object_component>
      <object_component id="oc-329">
         <name>.text.HOSTclose</name>
         <load_address>0x70051f64</load_address>
         <readonly>true</readonly>
         <executable>true</executable>
         <run_address>0x70051f64</run_address>
         <size>0x60</size>
         <alignment>0x4</alignment>
         <input_file_ref idref="fl-84"/>
      </object_component>
      <object_component id="oc-e2">
         <name>.text.pmu</name>
         <load_address>0x70051fc4</load_address>
         <readonly>true</readonly>
         <executable>true</executable>
         <run_address>0x70051fc4</run_address>
         <size>0x60</size>
         <alignment>0x2</alignment>
         <input_file_ref idref="fl-2a"/>
      </object_component>
      <object_component id="oc-1c9">
         <name>.text.ClockP_timerTickIsr</name>
         <load_address>0x70052024</load_address>
         <readonly>true</readonly>
         <executable>true</executable>
         <run_address>0x70052024</run_address>
         <size>0x5e</size>
         <alignment>0x2</alignment>
         <input_file_ref idref="fl-22"/>
      </object_component>
      <object_component id="oc-133">
         <name>.text.Dpl_deinit</name>
         <load_address>0x70052082</load_address>
         <readonly>true</readonly>
         <executable>true</executable>
         <run_address>0x70052082</run_address>
         <size>0x2</size>
         <alignment>0x2</alignment>
         <input_file_ref idref="fl-2"/>
      </object_component>
      <object_component id="oc-17f">
         <name>.text.GPIO_setTrigType</name>
         <load_address>0x70052084</load_address>
         <readonly>true</readonly>
         <executable>true</executable>
         <run_address>0x70052084</run_address>
         <size>0x5c</size>
         <alignment>0x4</alignment>
         <input_file_ref idref="fl-34"/>
      </object_component>
      <object_component id="oc-153">
         <name>.text.SOC_controlModuleLockMMR</name>
         <load_address>0x700520e0</load_address>
         <readonly>true</readonly>
         <executable>true</executable>
         <run_address>0x700520e0</run_address>
         <size>0x5c</size>
         <alignment>0x4</alignment>
         <input_file_ref idref="fl-36"/>
      </object_component>
      <object_component id="oc-11f">
         <name>.text._DebugP_assert</name>
         <load_address>0x7005213c</load_address>
         <readonly>true</readonly>
         <executable>true</executable>
         <run_address>0x7005213c</run_address>
         <size>0x5c</size>
         <alignment>0x2</alignment>
         <input_file_ref idref="fl-20"/>
      </object_component>
      <object_component id="oc-302">
         <name>.text.__TI_cleanup</name>
         <load_address>0x70052198</load_address>
         <readonly>true</readonly>
         <executable>true</executable>
         <run_address>0x70052198</run_address>
         <size>0x58</size>
         <alignment>0x4</alignment>
         <input_file_ref idref="fl-5a"/>
      </object_component>
      <object_component id="oc-35b">
         <name>.text.__TI_readmsg</name>
         <load_address>0x700521f0</load_address>
         <readonly>true</readonly>
         <executable>true</executable>
         <run_address>0x700521f0</run_address>
         <size>0x58</size>
         <alignment>0x4</alignment>
         <input_file_ref idref="fl-8b"/>
      </object_component>
      <object_component id="oc-355">
         <name>.text.__TI_writemsg</name>
         <load_address>0x70052248</load_address>
         <readonly>true</readonly>
         <executable>true</executable>
         <run_address>0x70052248</run_address>
         <size>0x58</size>
         <alignment>0x4</alignment>
         <input_file_ref idref="fl-8b"/>
      </object_component>
      <object_component id="oc-1a2">
         <name>.text.ClockP_getTimeUsec</name>
         <load_address>0x700522a0</load_address>
         <readonly>true</readonly>
         <executable>true</executable>
         <run_address>0x700522a0</run_address>
         <size>0x56</size>
         <alignment>0x2</alignment>
         <input_file_ref idref="fl-22"/>
      </object_component>
      <object_component id="oc-1f2">
         <name>.text.UART_intrDisable</name>
         <load_address>0x700522f6</load_address>
         <readonly>true</readonly>
         <executable>true</executable>
         <run_address>0x700522f6</run_address>
         <size>0x56</size>
         <alignment>0x2</alignment>
         <input_file_ref idref="fl-39"/>
      </object_component>
      <object_component id="oc-2d6">
         <name>.text.UART_writeCancelNoCB</name>
         <load_address>0x7005234c</load_address>
         <readonly>true</readonly>
         <executable>true</executable>
         <run_address>0x7005234c</run_address>
         <size>0x56</size>
         <alignment>0x2</alignment>
         <input_file_ref idref="fl-39"/>
      </object_component>
      <object_component id="oc-1ab">
         <name>.text.SemaphoreP_destruct</name>
         <load_address>0x700523a2</load_address>
         <readonly>true</readonly>
         <executable>true</executable>
         <run_address>0x700523a2</run_address>
         <size>0x2</size>
         <alignment>0x2</alignment>
         <input_file_ref idref="fl-33"/>
      </object_component>
      <object_component id="oc-b7">
         <name>.text.exit</name>
         <load_address>0x700523a4</load_address>
         <readonly>true</readonly>
         <executable>true</executable>
         <run_address>0x700523a4</run_address>
         <size>0x54</size>
         <alignment>0x4</alignment>
         <input_file_ref idref="fl-53"/>
      </object_component>
      <object_component id="oc-388">
         <name>.text.finddevice</name>
         <load_address>0x700523f8</load_address>
         <readonly>true</readonly>
         <executable>true</executable>
         <run_address>0x700523f8</run_address>
         <size>0x54</size>
         <alignment>0x4</alignment>
         <input_file_ref idref="fl-10d"/>
      </object_component>
      <object_component id="oc-91">
         <name>.text:__TI_auto_init_nobinit_nopinit</name>
         <load_address>0x7005244c</load_address>
         <readonly>true</readonly>
         <executable>true</executable>
         <run_address>0x7005244c</run_address>
         <size>0x54</size>
         <alignment>0x4</alignment>
         <input_file_ref idref="fl-57"/>
      </object_component>
      <object_component id="oc-230">
         <name>.text.ClockP_construct</name>
         <load_address>0x700524a0</load_address>
         <readonly>true</readonly>
         <executable>true</executable>
         <run_address>0x700524a0</run_address>
         <size>0x50</size>
         <alignment>0x2</alignment>
         <input_file_ref idref="fl-22"/>
      </object_component>
      <object_component id="oc-291">
         <name>.text.EDMA_allocDmaChannel</name>
         <load_address>0x700524f0</load_address>
         <readonly>true</readonly>
         <executable>true</executable>
         <run_address>0x700524f0</run_address>
         <size>0x50</size>
         <alignment>0x4</alignment>
         <input_file_ref idref="fl-3b"/>
      </object_component>
      <object_component id="oc-293">
         <name>.text.EDMA_allocParam</name>
         <load_address>0x70052540</load_address>
         <readonly>true</readonly>
         <executable>true</executable>
         <run_address>0x70052540</run_address>
         <size>0x50</size>
         <alignment>0x4</alignment>
         <input_file_ref idref="fl-3b"/>
      </object_component>
      <object_component id="oc-292">
         <name>.text.EDMA_allocTcc</name>
         <load_address>0x70052590</load_address>
         <readonly>true</readonly>
         <executable>true</executable>
         <run_address>0x70052590</run_address>
         <size>0x50</size>
         <alignment>0x4</alignment>
         <input_file_ref idref="fl-3b"/>
      </object_component>
      <object_component id="oc-20f">
         <name>.text.ClockP_addToList</name>
         <load_address>0x700525e0</load_address>
         <readonly>true</readonly>
         <executable>true</executable>
         <run_address>0x700525e0</run_address>
         <size>0x4e</size>
         <alignment>0x2</alignment>
         <input_file_ref idref="fl-22"/>
      </object_component>
      <object_component id="oc-2a8">
         <name>.text.EDMA_disableChInShadowRegRegion</name>
         <load_address>0x7005262e</load_address>
         <readonly>true</readonly>
         <executable>true</executable>
         <run_address>0x7005262e</run_address>
         <size>0x4e</size>
         <alignment>0x2</alignment>
         <input_file_ref idref="fl-3b"/>
      </object_component>
      <object_component id="oc-18f">
         <name>.text.Drivers_uartOpen</name>
         <load_address>0x7005267c</load_address>
         <readonly>true</readonly>
         <executable>true</executable>
         <run_address>0x7005267c</run_address>
         <size>0x4c</size>
         <alignment>0x2</alignment>
         <input_file_ref idref="fl-4"/>
      </object_component>
      <object_component id="oc-296">
         <name>.text.UART_edmaIsrRx</name>
         <load_address>0x700526c8</load_address>
         <readonly>true</readonly>
         <executable>true</executable>
         <run_address>0x700526c8</run_address>
         <size>0x48</size>
         <alignment>0x2</alignment>
         <input_file_ref idref="fl-3a"/>
      </object_component>
      <object_component id="oc-376">
         <name>.text.unlink</name>
         <load_address>0x70052710</load_address>
         <readonly>true</readonly>
         <executable>true</executable>
         <run_address>0x70052710</run_address>
         <size>0x48</size>
         <alignment>0x4</alignment>
         <input_file_ref idref="fl-83"/>
      </object_component>
      <object_component id="oc-21b">
         <name>.text.UART_Params_init</name>
         <load_address>0x70052758</load_address>
         <readonly>true</readonly>
         <executable>true</executable>
         <run_address>0x70052758</run_address>
         <size>0x44</size>
         <alignment>0x2</alignment>
         <input_file_ref idref="fl-38"/>
      </object_component>
      <object_component id="oc-1fa">
         <name>.text.UART_lld_deInitDma</name>
         <load_address>0x7005279c</load_address>
         <readonly>true</readonly>
         <executable>true</executable>
         <run_address>0x7005279c</run_address>
         <size>0x44</size>
         <alignment>0x2</alignment>
         <input_file_ref idref="fl-39"/>
      </object_component>
      <object_component id="oc-273">
         <name>.text.ClockP_stop</name>
         <load_address>0x700527e0</load_address>
         <readonly>true</readonly>
         <executable>true</executable>
         <run_address>0x700527e0</run_address>
         <size>0x40</size>
         <alignment>0x2</alignment>
         <input_file_ref idref="fl-22"/>
      </object_component>
      <object_component id="oc-2bb">
         <name>.text.EDMA_mapChToEvtQ</name>
         <load_address>0x70052820</load_address>
         <readonly>true</readonly>
         <executable>true</executable>
         <run_address>0x70052820</run_address>
         <size>0x40</size>
         <alignment>0x2</alignment>
         <input_file_ref idref="fl-3b"/>
      </object_component>
      <object_component id="oc-173">
         <name>.text.Pinmux_config</name>
         <load_address>0x70052860</load_address>
         <readonly>true</readonly>
         <executable>true</executable>
         <run_address>0x70052860</run_address>
         <size>0x40</size>
         <alignment>0x4</alignment>
         <input_file_ref idref="fl-35"/>
      </object_component>
      <object_component id="oc-1ef">
         <name>.text.SemaphoreP_constructBinary</name>
         <load_address>0x700528a0</load_address>
         <readonly>true</readonly>
         <executable>true</executable>
         <run_address>0x700528a0</run_address>
         <size>0x40</size>
         <alignment>0x2</alignment>
         <input_file_ref idref="fl-33"/>
      </object_component>
      <object_component id="oc-1fb">
         <name>.text.UART_lld_deInit</name>
         <load_address>0x700528e0</load_address>
         <readonly>true</readonly>
         <executable>true</executable>
         <run_address>0x700528e0</run_address>
         <size>0x40</size>
         <alignment>0x2</alignment>
         <input_file_ref idref="fl-39"/>
      </object_component>
      <object_component id="oc-31a">
         <name>.text.free_list_insert</name>
         <load_address>0x70052920</load_address>
         <readonly>true</readonly>
         <executable>true</executable>
         <run_address>0x70052920</run_address>
         <size>0x40</size>
         <alignment>0x4</alignment>
         <input_file_ref idref="fl-56"/>
      </object_component>
      <object_component id="oc-181">
         <name>.text.SemaphoreP_constructMutex</name>
         <load_address>0x70052960</load_address>
         <readonly>true</readonly>
         <executable>true</executable>
         <run_address>0x70052960</run_address>
         <size>0x3e</size>
         <alignment>0x2</alignment>
         <input_file_ref idref="fl-33"/>
      </object_component>
      <object_component id="oc-235">
         <name>.text.TaskP_yield</name>
         <load_address>0x7005299e</load_address>
         <readonly>true</readonly>
         <executable>true</executable>
         <run_address>0x7005299e</run_address>
         <size>0x2</size>
         <alignment>0x2</alignment>
         <input_file_ref idref="fl-119"/>
      </object_component>
      <object_component id="oc-28e">
         <name>.text.EDMA_getBaseAddr</name>
         <load_address>0x700529a0</load_address>
         <readonly>true</readonly>
         <executable>true</executable>
         <run_address>0x700529a0</run_address>
         <size>0x3c</size>
         <alignment>0x4</alignment>
         <input_file_ref idref="fl-3b"/>
      </object_component>
      <object_component id="oc-25f">
         <name>.text.UART_readData</name>
         <load_address>0x700529dc</load_address>
         <readonly>true</readonly>
         <executable>true</executable>
         <run_address>0x700529dc</run_address>
         <size>0x3c</size>
         <alignment>0x2</alignment>
         <input_file_ref idref="fl-39"/>
      </object_component>
      <object_component id="oc-233">
         <name>.text.ClockP_destruct</name>
         <load_address>0x70052a18</load_address>
         <readonly>true</readonly>
         <executable>true</executable>
         <run_address>0x70052a18</run_address>
         <size>0x3a</size>
         <alignment>0x2</alignment>
         <input_file_ref idref="fl-22"/>
      </object_component>
      <object_component id="oc-267">
         <name>.text.DebugP_uartLogWriterPutChar</name>
         <load_address>0x70052a52</load_address>
         <readonly>true</readonly>
         <executable>true</executable>
         <run_address>0x70052a52</run_address>
         <size>0x3a</size>
         <alignment>0x2</alignment>
         <input_file_ref idref="fl-1f"/>
      </object_component>
      <object_component id="oc-16f">
         <name>.text.Module_clockSetFrequency</name>
         <load_address>0x70052a8c</load_address>
         <readonly>true</readonly>
         <executable>true</executable>
         <run_address>0x70052a8c</run_address>
         <size>0x3a</size>
         <alignment>0x2</alignment>
         <input_file_ref idref="fl-6"/>
      </object_component>
      <object_component id="oc-23d">
         <name>.text.UART_lld_flushTxFifo</name>
[...]
      </symbol>
      <symbol id="sm-42c">
         <name>UART_operatingModeSelect</name>
         <value>0x70053379</value>
         <object_component_ref idref="oc-1f9"/>
      </symbol>
      <symbol id="sm-42d">
         <name>UART_spaceAvail</name>
         <value>0x70053165</value>
         <object_component_ref idref="oc-234"/>
      </symbol>
      <symbol id="sm-42e">
         <name>UART_IsTxRxFifoEmpty</name>
         <value>0x700532d7</value>
         <object_component_ref idref="oc-28b"/>
      </symbol>
      <symbol id="sm-42f">
         <name>UART_lld_init</name>
         <value>0x70050bd5</value>
         <object_component_ref idref="oc-21d"/>
      </symbol>
      <symbol id="sm-430">
         <name>UART_lld_deInit</name>
         <value>0x700528e1</value>
         <object_component_ref idref="oc-1fb"/>
      </symbol>
      <symbol id="sm-431">
         <name>UART_intrDisable</name>
         <value>0x700522f7</value>
         <object_component_ref idref="oc-1f2"/>
      </symbol>
      <symbol id="sm-432">
         <name>UART_lld_flushTxFifo</name>
         <value>0x70052ac7</value>
         <object_component_ref idref="oc-23d"/>
      </symbol>
      <symbol id="sm-433">
         <name>UART_lld_initDma</name>
         <value>0x70050a41</value>
         <object_component_ref idref="oc-21c"/>
      </symbol>
      <symbol id="sm-434">
         <name>UART_lld_deInitDma</name>
         <value>0x7005279d</value>
         <object_component_ref idref="oc-1fa"/>
      </symbol>
      <symbol id="sm-435">
         <name>UART_intr2Disable</name>
         <value>0x700533af</value>
         <object_component_ref idref="oc-1f8"/>
      </symbol>
      <symbol id="sm-436">
         <name>UART_writeCancelNoCB</name>
         <value>0x7005234d</value>
         <object_component_ref idref="oc-2d6"/>
      </symbol>
      <symbol id="sm-437">
         <name>UART_lld_write</name>
         <value>0x70050473</value>
         <object_component_ref idref="oc-2d5"/>
      </symbol>
      <symbol id="sm-438">
         <name>UART_readLineStatus</name>
         <value>0x7005338b</value>
         <object_component_ref idref="oc-25e"/>
      </symbol>
      <symbol id="sm-439">
         <name>UART_lld_writeIntr</name>
         <value>0x70051e31</value>
         <object_component_ref idref="oc-2d3"/>
      </symbol>
      <symbol id="sm-43a">
         <name>UART_lld_writeDma</name>
         <value>0x70051e99</value>
         <object_component_ref idref="oc-2d4"/>
      </symbol>
      <symbol id="sm-43b">
         <name>UART_lld_Transaction_deInit</name>
         <value>0x70053495</value>
         <object_component_ref idref="oc-2be"/>
      </symbol>
      <symbol id="sm-43c">
         <name>UART_lld_controllerIsr</name>
         <value>0x7004f745</value>
         <object_component_ref idref="oc-227"/>
      </symbol>
      <symbol id="sm-43d">
         <name>UART_getIntrIdentityStatus</name>
         <value>0x700532ed</value>
         <object_component_ref idref="oc-25c"/>
      </symbol>
      <symbol id="sm-43e">
         <name>UART_procLineStatusErr</name>
         <value>0x70051a51</value>
         <object_component_ref idref="oc-25d"/>
      </symbol>
      <symbol id="sm-43f">
         <name>UART_getChar</name>
         <value>0x70053145</value>
         <object_component_ref idref="oc-260"/>
      </symbol>
      <symbol id="sm-45d">
         <name>UART_lld_dmaInit</name>
         <value>0x7004f5b1</value>
         <object_component_ref idref="oc-25a"/>
      </symbol>
      <symbol id="sm-45e">
         <name>UART_lld_dmaWrite</name>
         <value>0x70050581</value>
         <object_component_ref idref="oc-2bf"/>
      </symbol>
      <symbol id="sm-45f">
         <name>UART_lld_dmaRead</name>
         <value>0x70051489</value>
         <object_component_ref idref="oc-2bd"/>
      </symbol>
      <symbol id="sm-460">
         <name>UART_lld_dmaDeInit</name>
         <value>0x7004f8a1</value>
         <object_component_ref idref="oc-23e"/>
      </symbol>
      <symbol id="sm-461">
         <name>UART_lld_dmaDisableChannel</name>
         <value>0x70053007</value>
         <object_component_ref idref="oc-2f1"/>
      </symbol>
      <symbol id="sm-4ba">
         <name>EDMA_ccPaRAMEntry_init</name>
         <value>0x700533e1</value>
         <object_component_ref idref="oc-2d9"/>
      </symbol>
      <symbol id="sm-4bb">
         <name>EDMA_enableChInShadowRegRegion</name>
         <value>0x70052e3d</value>
         <object_component_ref idref="oc-2ba"/>
      </symbol>
      <symbol id="sm-4bc">
         <name>EDMA_disableChInShadowRegRegion</name>
         <value>0x7005262f</value>
         <object_component_ref idref="oc-2a8"/>
      </symbol>
      <symbol id="sm-4bd">
         <name>EDMA_mapChToEvtQ</name>
         <value>0x70052821</value>
         <object_component_ref idref="oc-2bb"/>
      </symbol>
      <symbol id="sm-4be">
         <name>EDMA_unmapChToEvtQ</name>
         <value>0x70052d49</value>
         <object_component_ref idref="oc-2a9"/>
      </symbol>
      <symbol id="sm-4bf">
         <name>EDMA_clrMissEvtRegion</name>
         <value>0x70052b71</value>
         <object_component_ref idref="oc-2d8"/>
      </symbol>
      <symbol id="sm-4c0">
         <name>EDMA_readEventStatusRegion</name>
         <value>0x7005322b</value>
         <object_component_ref idref="oc-2de"/>
      </symbol>
      <symbol id="sm-4c1">
         <name>EDMA_setPaRAM</name>
         <value>0x70052fbb</value>
         <object_component_ref idref="oc-2db"/>
      </symbol>
      <symbol id="sm-4c2">
         <name>EDMA_configureChannelRegion</name>
         <value>0x700516f3</value>
         <object_component_ref idref="oc-294"/>
      </symbol>
      <symbol id="sm-4c3">
         <name>EDMA_freeChannelRegion</name>
         <value>0x7004ee75</value>
         <object_component_ref idref="oc-27c"/>
      </symbol>
      <symbol id="sm-4c4">
         <name>EDMA_disableTransferRegion</name>
         <value>0x70051ce9</value>
         <object_component_ref idref="oc-2a7"/>
      </symbol>
      <symbol id="sm-4c5">
         <name>EDMA_enableTransferRegion</name>
         <value>0x70051d57</value>
         <object_component_ref idref="oc-2dc"/>
      </symbol>
      <symbol id="sm-4c6">
         <name>EDMA_linkChannel</name>
         <value>0x700530e1</value>
         <object_component_ref idref="oc-2dd"/>
      </symbol>
      <symbol id="sm-4c7">
         <name>EDMA_isInterruptEnabled</name>
         <value>0x700534af</value>
         <object_component_ref idref="oc-290"/>
      </symbol>
      <symbol id="sm-4c8">
         <name>EDMA_registerIntr</name>
         <value>0x70050c95</value>
         <object_component_ref idref="oc-295"/>
      </symbol>
      <symbol id="sm-4c9">
         <name>EDMA_unregisterIntr</name>
         <value>0x70050975</value>
         <object_component_ref idref="oc-276"/>
      </symbol>
      <symbol id="sm-4ca">
         <name>EDMA_getBaseAddr</name>
         <value>0x700529a1</value>
         <object_component_ref idref="oc-28e"/>
      </symbol>
      <symbol id="sm-4cb">
         <name>EDMA_getRegionId</name>
         <value>0x7005332b</value>
         <object_component_ref idref="oc-28f"/>
      </symbol>
      <symbol id="sm-4cc">
         <name>EDMA_allocDmaChannel</name>
         <value>0x700524f1</value>
         <object_component_ref idref="oc-291"/>
      </symbol>
      <symbol id="sm-4cd">
         <name>EDMA_allocTcc</name>
         <value>0x70052591</value>
         <object_component_ref idref="oc-292"/>
      </symbol>
      <symbol id="sm-4ce">
         <name>EDMA_allocParam</name>
         <value>0x70052541</value>
         <object_component_ref idref="oc-293"/>
      </symbol>
      <symbol id="sm-4cf">
         <name>EDMA_freeDmaChannel</name>
         <value>0x70051209</value>
         <object_component_ref idref="oc-27d"/>
      </symbol>
      <symbol id="sm-4d0">
         <name>EDMA_freeTcc</name>
         <value>0x70051349</value>
         <object_component_ref idref="oc-27e"/>
      </symbol>
      <symbol id="sm-4d1">
         <name>EDMA_freeParam</name>
         <value>0x700512a9</value>
         <object_component_ref idref="oc-27f"/>
      </symbol>
      <symbol id="sm-4df">
         <name>fputc</name>
         <value>0x70050884</value>
         <object_component_ref idref="oc-299"/>
      </symbol>
      <symbol id="sm-4e0">
         <name>putchar</name>
         <value>0x700533d0</value>
         <object_component_ref idref="oc-261"/>
      </symbol>
      <symbol id="sm-4ea">
         <name>__TI_wrt_ok</name>
         <value>0x70051528</value>
         <object_component_ref idref="oc-2c0"/>
      </symbol>
      <symbol id="sm-4f4">
         <name>setvbuf</name>
         <value>0x7004f9f0</value>
         <object_component_ref idref="oc-2e4"/>
      </symbol>
      <symbol id="sm-502">
         <name>abort</name>
         <value>0x70054f30</value>
         <object_component_ref idref="oc-b2"/>
      </symbol>
      <symbol id="sm-503">
         <name>C$$EXIT</name>
         <value>0x70054f30</value>
         <object_component_ref idref="oc-b2"/>
      </symbol>
      <symbol id="sm-504">
         <name>__TI_cleanup_ptr</name>
         <value>0x70055234</value>
         <object_component_ref idref="oc-138"/>
      </symbol>
      <symbol id="sm-505">
         <name>__TI_dtors_ptr</name>
         <value>0x70055238</value>
         <object_component_ref idref="oc-138"/>
      </symbol>
      <symbol id="sm-506">
         <name>exit</name>
         <value>0x700523a4</value>
         <object_component_ref idref="oc-b7"/>
      </symbol>
      <symbol id="sm-50f">
         <name>_nop</name>
         <value>0x700534e0</value>
         <object_component_ref idref="oc-1ad"/>
      </symbol>
      <symbol id="sm-510">
         <name>_lock</name>
         <value>0x70055260</value>
         <object_component_ref idref="oc-136"/>
      </symbol>
      <symbol id="sm-511">
         <name>_unlock</name>
         <value>0x70055264</value>
         <object_component_ref idref="oc-139"/>
      </symbol>
      <symbol id="sm-516">
         <name>_ftable</name>
         <value>0x70054f38</value>
         <object_component_ref idref="oc-29a"/>
      </symbol>
      <symbol id="sm-517">
         <name>__TI_ft_end</name>
         <value>0x70055254</value>
         <object_component_ref idref="oc-322"/>
      </symbol>
      <symbol id="sm-518">
         <name>__TI_tmpnams</name>
         <value>0x70041490</value>
         <object_component_ref idref="oc-352"/>
      </symbol>
      <symbol id="sm-538">
         <name>malloc</name>
         <value>0x70053448</value>
         <object_component_ref idref="oc-301"/>
      </symbol>
      <symbol id="sm-539">
         <name>aligned_alloc</name>
         <value>0x7004f40c</value>
         <object_component_ref idref="oc-31b"/>
      </symbol>
      <symbol id="sm-53a">
         <name>free</name>
         <value>0x7004f264</value>
         <object_component_ref idref="oc-2ff"/>
      </symbol>
      <symbol id="sm-53b">
         <name>_sys_memory</name>
         <value>0x700415b0</value>
         <object_component_ref idref="oc-49"/>
      </symbol>
      <symbol id="sm-53c">
         <name>memalign</name>
         <value>0x7004f40c</value>
         <object_component_ref idref="oc-31b"/>
      </symbol>
      <symbol id="sm-547">
         <name>__TI_auto_init_nobinit_nopinit</name>
         <value>0x7005244c</value>
         <object_component_ref idref="oc-91"/>
      </symbol>
      <symbol id="sm-552">
         <name>__TI_doflush</name>
         <value>0x70051ad8</value>
         <object_component_ref idref="oc-2ca"/>
      </symbol>
      <symbol id="sm-55d">
         <name>__TI_cleanup</name>
         <value>0x70052198</value>
         <object_component_ref idref="oc-302"/>
      </symbol>
      <symbol id="sm-56a">
         <name>fseek</name>
         <value>0x700534e4</value>
         <object_component_ref idref="oc-2df"/>
      </symbol>
      <symbol id="sm-56b">
         <name>fseeko</name>
         <value>0x70050d50</value>
         <object_component_ref idref="oc-2fb"/>
      </symbol>
      <symbol id="sm-579">
         <name>__TI_closefile</name>
         <value>0x70050e04</value>
         <object_component_ref idref="oc-31c"/>
      </symbol>
      <symbol id="sm-58b">
         <name>write</name>
         <value>0x70052d14</value>
         <object_component_ref idref="oc-2c6"/>
      </symbol>
      <symbol id="sm-590">
         <name>_device</name>
         <value>0x700550c4</value>
         <object_component_ref idref="oc-30b"/>
      </symbol>
      <symbol id="sm-591">
         <name>_stream</name>
         <value>0x70055194</value>
         <object_component_ref idref="oc-2ea"/>
      </symbol>
      <symbol id="sm-599">
         <name>remove</name>
         <value>0x700534e8</value>
         <object_component_ref idref="oc-34e"/>
      </symbol>
      <symbol id="sm-5a4">
         <name>lseek</name>
         <value>0x70052ce0</value>
         <object_component_ref idref="oc-315"/>
      </symbol>
      <symbol id="sm-5ae">
         <name>close</name>
         <value>0x7005193c</value>
         <object_component_ref idref="oc-34a"/>
      </symbol>
      <symbol id="sm-5b8">
         <name>unlink</name>
         <value>0x70052710</value>
         <object_component_ref idref="oc-376"/>
      </symbol>
      <symbol id="sm-5c2">
         <name>HOSTclose</name>
         <value>0x70051f64</value>
         <object_component_ref idref="oc-329"/>
      </symbol>
      <symbol id="sm-5cc">
         <name>HOSTlseek</name>
         <value>0x700515c4</value>
         <object_component_ref idref="oc-335"/>
      </symbol>
      <symbol id="sm-5d6">
         <name>HOSTopen</name>
         <value>0x70051788</value>
         <object_component_ref idref="oc-325"/>
      </symbol>
      <symbol id="sm-5d7">
         <name>parmbuf</name>
         <value>0x70041598</value>
         <object_component_ref idref="oc-35c"/>
      </symbol>
      <symbol id="sm-5e1">
         <name>HOSTread</name>
         <value>0x70051b60</value>
         <object_component_ref idref="oc-32d"/>
      </symbol>
      <symbol id="sm-5f2">
         <name>HOSTrename</name>
         <value>0x700513e8</value>
         <object_component_ref idref="oc-33d"/>
      </symbol>
      <symbol id="sm-5fc">
         <name>HOSTunlink</name>
         <value>0x70051dc4</value>
         <object_component_ref idref="oc-339"/>
      </symbol>
      <symbol id="sm-606">
         <name>HOSTwrite</name>
         <value>0x70051be4</value>
         <object_component_ref idref="oc-331"/>
      </symbol>
      <symbol id="sm-614">
         <name>C$$IO$$</name>
         <value>0x70052294</value>
         <object_component_ref idref="oc-355"/>
      </symbol>
      <symbol id="sm-615">
         <name>__TI_writemsg</name>
         <value>0x70052248</value>
         <object_component_ref idref="oc-355"/>
      </symbol>
      <symbol id="sm-616">
         <name>__CIOBUF_</name>
         <value>0x70041370</value>
         <object_component_ref idref="oc-37c"/>
      </symbol>
      <symbol id="sm-617">
         <name>__TI_readmsg</name>
         <value>0x700521f0</value>
         <object_component_ref idref="oc-35b"/>
      </symbol>
      <symbol id="sm-618">
         <name>_CIOBUF_</name>
         <value>0x70041370</value>
         <object_component_ref idref="oc-37c"/>
      </symbol>
      <symbol id="sm-626">
         <name>finddevice</name>
         <value>0x700523f8</value>
         <object_component_ref idref="oc-388"/>
      </symbol>
      <symbol id="sm-627">
         <name>getdevice</name>
         <value>0x70050b0c</value>
         <object_component_ref idref="oc-37f"/>
      </symbol>
      <symbol id="sm-632">
         <name>strcmp</name>
         <value>0x7004e300</value>
         <object_component_ref idref="oc-38b"/>
      </symbol>
      <symbol id="sm-63c">
         <name>__aeabi_ldiv0</name>
         <value>0x700534d8</value>
         <object_component_ref idref="oc-212"/>
      </symbol>
      <symbol id="sm-642">
         <name>__aeabi_memcpy</name>
         <value>0x700534dc</value>
         <object_component_ref idref="oc-146"/>
      </symbol>
      <symbol id="sm-643">
         <name>__aeabi_memcpy4</name>
         <value>0x700534dc</value>
         <object_component_ref idref="oc-146"/>
      </symbol>
      <symbol id="sm-644">
         <name>__aeabi_memcpy8</name>
         <value>0x700534dc</value>
         <object_component_ref idref="oc-146"/>
      </symbol>
      <symbol id="sm-64d">
         <name>__aeabi_memset</name>
         <value>0x700533c0</value>
         <object_component_ref idref="oc-26c"/>
      </symbol>
      <symbol id="sm-64e">
         <name>__aeabi_memset4</name>
         <value>0x700533c0</value>
         <object_component_ref idref="oc-26c"/>
      </symbol>
      <symbol id="sm-64f">
         <name>__aeabi_memset8</name>
         <value>0x700533c0</value>
         <object_component_ref idref="oc-26c"/>
      </symbol>
      <symbol id="sm-650">
         <name>__aeabi_memclr</name>
         <value>0x7005343c</value>
         <object_component_ref idref="oc-89"/>
      </symbol>
      <symbol id="sm-651">
         <name>__aeabi_memclr4</name>
         <value>0x7005343c</value>
         <object_component_ref idref="oc-89"/>
      </symbol>
      <symbol id="sm-652">
         <name>__aeabi_memclr8</name>
         <value>0x7005343c</value>
         <object_component_ref idref="oc-89"/>
      </symbol>
      <symbol id="sm-658">
         <name>__aeabi_uldivmod</name>
         <value>0x70053098</value>
         <object_component_ref idref="oc-166"/>
      </symbol>
      <symbol id="sm-65e">
         <name>__udivmoddi4</name>
         <value>0x70050248</value>
         <object_component_ref idref="oc-1d1"/>
      </symbol>
      <symbol id="sm-666">
         <name>TI_memcpy_small</name>
         <value>0x700531f4</value>
         <object_component_ref idref="oc-200"/>
      </symbol>
      <symbol id="sm-66e">
         <name>TI_memset_small</name>
         <value>0x700532a8</value>
         <object_component_ref idref="oc-140"/>
      </symbol>
      <symbol id="sm-678">
         <name>CSL_armR5GetCpuID</name>
         <value>0x70053211</value>
         <object_component_ref idref="oc-2f2"/>
      </symbol>
      <symbol id="sm-680">
         <name>TaskP_yield</name>
         <value>0x7005299f</value>
         <object_component_ref idref="oc-235"/>
      </symbol>
      <symbol id="sm-686">
         <name>CSL_armR5ReadMpidrReg</name>
         <value>0x70053454</value>
         <object_component_ref idref="oc-30f"/>
      </symbol>
      <symbol id="sm-687">
         <name>_system_post_cinit</name>
         <value>0x0</value>
      </symbol>
      <symbol id="sm-688">
         <name>__TI_Handler_Table_Limit</name>
         <value>0x0</value>
      </symbol>
      <symbol id="sm-689">
         <name>__TI_Handler_Table_Base</name>
         <value>0x0</value>
      </symbol>
      <symbol id="sm-68a">
         <name>__TI_CINIT_Base</name>
         <value>0x0</value>
      </symbol>
      <symbol id="sm-68b">
         <name>__TI_CINIT_Limit</name>
         <value>0x0</value>
      </symbol>
   </symbol_table>
   <title>Link successful</title>
</link_info>
